error: `transmute` called without explicit type parameters
  --> $DIR/implicit_transmute_types.rs:9:22
   |
LL |         let _: u32 = mem::transmute(123i32);
   |                      ^^^^^^^^^^^^^^^^^^^^^^
   |
   = note: `-D clippy::implicit-transmute-types` implied by `-D warnings`
help: consider specifying the types intended to be transmuted
   |
LL |         let _: u32 = mem::transmute::<i32, u32>(123i32);
   |                                    ++++++++++++

error: aborting due to previous error

